Directed "small_graph" (StmtsCons (NodeStmt "A" AndsNull (NodeAttrsCons (NodeAttrShape "rectangle") NodeAttrsNull)) (StmtsCons (NodeStmt "B" AndsNull NodeAttrsNull) (StmtsCons (NodeStmt "C" AndsNull (NodeAttrsCons (NodeAttrShape "doublecircle") NodeAttrsNull)) (StmtsCons (EdgeStmt "A" AndsNull "B" AndsNull (EdgeAttrsCons (EdgeAttrStyle "dotted") EdgeAttrsNull)) (StmtsCons (EdgeStmt "A" (AndsCons "B" AndsNull) "C" AndsNull EdgeAttrsNull) StmtsNull)))))
