Directed "small_graph" (StmtsCons (StmtsCons (StmtsCons (StmtsCons (StmtsCons StmtsNull (NodeStmt "A" AndsNull (NodeAttrsCons NodeAttrsNull (NodeAttrShape "rectangle")))) (NodeStmt "B" AndsNull NodeAttrsNull)) (NodeStmt "C" AndsNull (NodeAttrsCons NodeAttrsNull (NodeAttrShape "doublecircle")))) (EdgeStmt "A" AndsNull "B" AndsNull (EdgeAttrsCons EdgeAttrsNull (EdgeAttrStyle "dotted")))) (EdgeStmt "A" (AndsCons AndsNull "B") "C" AndsNull EdgeAttrsNull))
